Running Gradle task 'assembleRelease'...                        
flutter : lib/data/repositories/auth_repository_impl.dart:13:7: Error: The non-abstract class 'AuthRepositoryImpl' is m
issing implementations for these members:
C:\Users\JusanUser\AppData\Local\Temp\ps-script-78b557ae-dc2c-4e98-b0ab-14cabc2efae5.ps1:7 знак:262
+ ... rors)..." ; flutter build apk --release --no-tree-shake-icons 2>&1 |  ...
+                 ~~~~~~~~~~~~~~~~~~~~~~~~~~~~~~~~~~~~~~~~~~~~~~~~~~~~~~
    + CategoryInfo          : NotSpecified: (lib/data/reposi... these members::String) [], RemoteException
    + FullyQualifiedErrorId : NativeCommandError
 
 - IAuthRepository.getUserEmail
 - IAuthRepository.getUserId
 - IAuthRepository.isAuthenticated
Try to either
 - provide an implementation,
 - inherit an implementation from a superclass or mixin,
 - mark the class as abstract, or
 - provide a 'noSuchMethod' implementation.
class AuthRepositoryImpl implements IAuthRepository {
      ^^^^^^^^^^^^^^^^^^
lib/domain/repositories/auth_repository.dart:42:11: Context: 'IAuthRepository.getUserEmail' is defined here.
  String? getUserEmail();
          ^^^^^^^^^^^^
lib/domain/repositories/auth_repository.dart:39:11: Context: 'IAuthRepository.getUserId' is defined here.
  String? getUserId();
          ^^^^^^^^^
lib/domain/repositories/auth_repository.dart:36:8: Context: 'IAuthRepository.isAuthenticated' is defined here.
  bool isAuthenticated();
       ^^^^^^^^^^^^^^^
lib/core/error/app_error.dart:16:44: Error: The super constructor has no corresponding named parameter.
  const NetworkError(super.message, {super.code});
                                           ^
lib/core/error/app_error.dart:110:41: Error: The super constructor has no corresponding named parameter.
  const AuthError(super.message, {super.code});
                                        ^
lib/core/error/app_error.dart:135:47: Error: The super constructor has no corresponding named parameter.
  const ValidationError(super.message, {super.code, this.field});
                                              ^
lib/core/error/app_error.dart:169:50: Error: The super constructor has no corresponding named parameter.
  const BusinessLogicError(super.message, {super.code});
                                                 ^
lib/core/error/app_error.dart:190:42: Error: The super constructor has no corresponding named parameter.
  const CacheError(super.message, {super.code});
                                         ^
lib/core/error/app_error.dart:205:44: Error: The super constructor has no corresponding named parameter.
  const UnknownError(super.message, {super.code});
                                           ^
lib/core/theme/app_theme.dart:36:18: Error: The argument type 'CardTheme' can't be assigned to the parameter type 'Card
ThemeData?'.
 - 'CardTheme' is from 'package:flutter/src/material/card_theme.dart' ('../../../../Downloads/flutter_windows_3.29.0-st
able/flutter/packages/flutter/lib/src/material/card_theme.dart').
 - 'CardThemeData' is from 'package:flutter/src/material/card_theme.dart' ('../../../../Downloads/flutter_windows_3.29.
0-stable/flutter/packages/flutter/lib/src/material/card_theme.dart').
      cardTheme: CardTheme(
                 ^
lib/core/theme/app_theme.dart:84:18: Error: The argument type 'CardTheme' can't be assigned to the parameter type 'Card
ThemeData?'.
 - 'CardTheme' is from 'package:flutter/src/material/card_theme.dart' ('../../../../Downloads/flutter_windows_3.29.0-st
able/flutter/packages/flutter/lib/src/material/card_theme.dart').
 - 'CardThemeData' is from 'package:flutter/src/material/card_theme.dart' ('../../../../Downloads/flutter_windows_3.29.
0-stable/flutter/packages/flutter/lib/src/material/card_theme.dart').
      cardTheme: CardTheme(
                 ^
lib/services/auth_service.dart:225:30: Error: Too many positional arguments: 0 allowed, but 1 found.
Try removing the extra positional arguments.
      final authApi = AuthApi(baseUrl);
                             ^
lib/api/auth_api.dart:16:3: Context: Found this candidate, but the arguments don't match.
  AuthApi() : _client = DioClient();
  ^^^^^^^
lib/services/cart_service.dart:19:30: Error: Too many positional arguments: 0 allowed, but 1 found.
Try removing the extra positional arguments.
      final cartApi = CartApi(baseUrl);
                             ^
lib/api/cart_api.dart:10:3: Context: Found this candidate, but the arguments don't match.
  CartApi() : _client = DioClient() {
  ^^^^^^^
lib/services/cart_service.dart:41:30: Error: Too many positional arguments: 0 allowed, but 1 found.
Try removing the extra positional arguments.
      final cartApi = CartApi(baseUrl);
                             ^
lib/api/cart_api.dart:10:3: Context: Found this candidate, but the arguments don't match.
  CartApi() : _client = DioClient() {
  ^^^^^^^
lib/services/cart_service.dart:61:30: Error: Too many positional arguments: 0 allowed, but 1 found.
Try removing the extra positional arguments.
      final cartApi = CartApi(baseUrl);
                             ^
lib/api/cart_api.dart:10:3: Context: Found this candidate, but the arguments don't match.
  CartApi() : _client = DioClient() {
  ^^^^^^^
lib/services/cart_service.dart:82:30: Error: Too many positional arguments: 0 allowed, but 1 found.
Try removing the extra positional arguments.
      final cartApi = CartApi(baseUrl);
                             ^
lib/api/cart_api.dart:10:3: Context: Found this candidate, but the arguments don't match.
  CartApi() : _client = DioClient() {
  ^^^^^^^
lib/services/cart_service.dart:101:30: Error: Too many positional arguments: 0 allowed, but 1 found.
Try removing the extra positional arguments.
      final cartApi = CartApi(baseUrl);
                             ^
lib/api/cart_api.dart:10:3: Context: Found this candidate, but the arguments don't match.
  CartApi() : _client = DioClient() {
  ^^^^^^^
lib/screens/addresses_screen.dart:22:29: Error: Too many positional arguments: 0 allowed, but 1 found.
Try removing the extra positional arguments.
    _addressApi = AddressApi(_baseUrl);
                            ^
lib/api/address_api.dart:10:3: Context: Found this candidate, but the arguments don't match.
  AddressApi() : _client = DioClient() {
  ^^^^^^^^^^
Target kernel_snapshot_program failed: Exception


FAILURE: Build failed with an exception.

* What went wrong:
Execution failed for task ':app:compileFlutterBuildRelease'.
> Process 'command 'C:\Users\JusanUser\Downloads\flutter_windows_3.29.0-stable\flutter\bin\flutter.bat'' finished with 
non-zero exit value 1

* Try:
> Run with --stacktrace option to get the stack trace.
> Run with --info or --debug option to get more log output.
> Run with --scan to generate a Build Scan (Powered by Develocity).
> Get more help at https://help.gradle.org.

BUILD FAILED in 25s
Running Gradle task 'assembleRelease'...                           26,2s
Gradle task assembleRelease failed with exit code 1
